generate.cjs(264,1): error TS1160: Unterminated template literal.
src/Contactos.tsx(583,25): error TS1127: Invalid character.
src/Contactos.tsx(583,137): error TS1381: Unexpected token. Did you mean `{'}'}` or `&rbrace;`?
src/Contactos.tsx(583,174): error TS1382: Unexpected token. Did you mean `{'>'}` or `&gt;`?
src/Contactos.tsx(584,12): error TS17008: JSX element 'form' has no corresponding closing tag.
src/Contactos.tsx(594,30): error TS1127: Invalid character.
src/Contactos.tsx(594,229): error TS1381: Unexpected token. Did you mean `{'}'}` or `&rbrace;`?
src/Contactos.tsx(595,18): error TS1382: Unexpected token. Did you mean `{'>'}` or `&gt;`?
src/Contactos.tsx(605,30): error TS1127: Invalid character.
src/Contactos.tsx(605,229): error TS1381: Unexpected token. Did you mean `{'}'}` or `&rbrace;`?
src/Contactos.tsx(606,18): error TS1382: Unexpected token. Did you mean `{'>'}` or `&gt;`?
src/Contactos.tsx(616,30): error TS1127: Invalid character.
src/Contactos.tsx(616,229): error TS1381: Unexpected token. Did you mean `{'}'}` or `&rbrace;`?
src/Contactos.tsx(617,18): error TS1382: Unexpected token. Did you mean `{'>'}` or `&gt;`?
src/Contactos.tsx(626,32): error TS1127: Invalid character.
src/Contactos.tsx(626,279): error TS1381: Unexpected token. Did you mean `{'}'}` or `&rbrace;`?
src/Contactos.tsx(627,19): error TS1382: Unexpected token. Did you mean `{'>'}` or `&gt;`?
src/Contactos.tsx(633,21): error TS17002: Expected corresponding JSX closing tag for 'div'.
src/Contactos.tsx(646,30): error TS1127: Invalid character.
src/Contactos.tsx(646,252): error TS1381: Unexpected token. Did you mean `{'}'}` or `&rbrace;`?
src/Contactos.tsx(647,18): error TS1382: Unexpected token. Did you mean `{'>'}` or `&gt;`?
src/Contactos.tsx(667,31): error TS1127: Invalid character.
src/Contactos.tsx(667,205): error TS1381: Unexpected token. Did you mean `{'}'}` or `&rbrace;`?
src/Contactos.tsx(667,225): error TS1382: Unexpected token. Did you mean `{'>'}` or `&gt;`?
src/Contactos.tsx(671,28): error TS1127: Invalid character.
src/Contactos.tsx(675,20): error TS1381: Unexpected token. Did you mean `{'}'}` or `&rbrace;`?
src/Contactos.tsx(676,15): error TS1382: Unexpected token. Did you mean `{'>'}` or `&gt;`?
src/Contactos.tsx(678,17): error TS17002: Expected corresponding JSX closing tag for 'section'.
src/Contactos.tsx(679,13): error TS1005: ')' expected.
src/Contactos.tsx(680,11): error TS1109: Expression expected.
src/Contactos.tsx(681,9): error TS1109: Expression expected.
src/Contactos.tsx(682,7): error TS1109: Expression expected.
src/Contactos.tsx(735,7): error TS1128: Declaration or statement expected.
src/Contactos.tsx(736,5): error TS1109: Expression expected.
src/Contactos.tsx(737,3): error TS1109: Expression expected.
src/Contactos.tsx(738,1): error TS1128: Declaration or statement expected.
